[www.middlebury.edu/campaign/index.html]
[www.middlebury.edu/campaign/themes/custom/campaign_theme/favicon.ico]
[backblue.gif]
[fade.gif]
[index.html]
[www.middlebury.edu/campaign/sites/www.middlebury.edu.campaign/files/css/css_K5W8NdweeJPnqfVBfyv7QhgyCYhga3ljCjMPXSj7PCU.css]
[www.middlebury.edu/campaign/sites/www.middlebury.edu.campaign/files/css/css_W_oZNPEGI6NnCR1x0XCRKy6Ox6li09kBNjIex1S0vpM.css]
[www.middlebury.edu/campaign/access.html]
[www.middlebury.edu/campaign/academic-excellence.html]
[www.middlebury.edu/campaign/experience.html]
[www.middlebury.edu/campaign/capital-projects.html]
[www.middlebury.edu/campaign/philanthropy-action.html]
[www.middlebury.edu/campaign/access/commitment.html]
[www.middlebury.edu/campaign/access/priority-goals.html]
[www.middlebury.edu/campaign/philanthropy-action/access.html]
[www.middlebury.edu/campaign/access/by-the-numbers.html]
[www.middlebury.edu/campaign/academic-excellence/commitment.html]
[www.middlebury.edu/campaign/academic-excellence/priorities-and-goals.html]
[www.middlebury.edu/campaign/philanthropy-action/academic-excellence.html]
[www.middlebury.edu/campaign/academic-excellence/by-the-numbers.html]
[www.middlebury.edu/campaign/experience/commitment.html]
[www.middlebury.edu/campaign/experience/priorities-and-goals.html]
[www.middlebury.edu/campaign/philanthropy-action/experience.html]
[www.middlebury.edu/campaign/experience/by-the-numbers.html]
[www.middlebury.edu/campaign/first-year-residential-complex.html]
[www.middlebury.edu/campaign/_/campaign/media/oembed6623]
[www.middlebury.edu/campaign/sites/www.middlebury.edu.campaign/files/styles/896x504/public/2022-05/hp-video-th-2_020f8.jpg]
[www.middlebury.edu/campaign/sites/www.middlebury.edu.campaign/files/styles/414x552/public/2022-03/hp-access-416x522cd99.jpg]
[www.middlebury.edu/campaign/sites/www.middlebury.edu.campaign/files/styles/414x552/public/2022-03/hp-academic-excellence-414x51987dd.jpg]
[www.middlebury.edu/campaign/sites/www.middlebury.edu.campaign/files/styles/414x552/public/2022-03/hp-experience-414x51995d6.jpg]
[www.middlebury.edu/campaign/sites/www.middlebury.edu.campaign/files/styles/896x504/public/2022-04/campaign-top-capitol-projects-20729.jpg]
[www.middlebury.edu/campaign/themes/custom/campaign_theme/img/middlebury-logo-white.svg]
[www.middlebury.edu/campaign/sites/www.middlebury.edu.campaign/files/js/js_xaLRhXDwewhQh7jO0w47QShBWL_s2xm8YrjPggnbJ_Y.js]
[www.middlebury.edu/campaign/index.html]
[www.middlebury.edu/campaign/sites/www.middlebury.edu.campaign/files/css/css_K5W8NdweeJPnqfVBfyv7QhgyCYhga3ljCjMPXSj7PCU.css]
[www.middlebury.edu/campaign/themes/custom/campaign_theme/img/external-link.svg]
[www.middlebury.edu/campaign/sites/www.middlebury.edu.campaign/files/css/css_W_oZNPEGI6NnCR1x0XCRKy6Ox6li09kBNjIex1S0vpM.css]
[www.middlebury.edu/campaign/sites/www.middlebury.edu.campaign/files/css/css_FYNG4OECqecxl7tqKpBJS2kJRAxFiJTRl2W5VRfH-FY.css]
[www.middlebury.edu/campaign/sites/www.middlebury.edu.campaign/files/styles/1376x774/public/2022-02/campaign-access941f.jpg]
[www.middlebury.edu/campaign/philanthropy-action/access/leila-barghouty.html]
[www.middlebury.edu/campaign/sites/www.middlebury.edu.campaign/files/styles/414x552/public/2022-05/leila-triple-414x5195b7f.jpg]
[www.middlebury.edu/campaign/opening-doors.html]
[www.middlebury.edu/campaign/sites/www.middlebury.edu.campaign/files/styles/414x552/public/2022-05/College-People-2015-Rachel-Ochako-DavisUWC_414x519-HiResba1b.png]
[www.middlebury.edu/campaign/philanthropy-action/appreciating-opposites-texan-embraces-difference-middlebury.html]
[www.middlebury.edu/campaign/sites/www.middlebury.edu.campaign/files/styles/414x552/public/2022-04/LeeCharles McNeil Thumbnail1097.jpg]
[www.middlebury.edu/campaign/access.html]
[www.middlebury.edu/campaign/sites/www.middlebury.edu.campaign/files/styles/1376x774/public/2022-02/campaign-academic-excellence3bb9.jpg]
[www.middlebury.edu/campaign/philanthropy-action/sonic-art.html]
[www.middlebury.edu/campaign/sites/www.middlebury.edu.campaign/files/styles/414x552/public/2022-05/sonic-sound-triple-414x5196035.jpg]
[www.middlebury.edu/campaign/philanthropy-action/academic-excellence/demystifying-data.html]
[www.middlebury.edu/campaign/sites/www.middlebury.edu.campaign/files/styles/414x552/public/2022-04/demystifyingdata-thumbnail7b69.jpg]
[www.middlebury.edu/campaign/philanthropy-action/academic-excellence/student-research-safer-vermont-schools.html]
[www.middlebury.edu/campaign/sites/www.middlebury.edu.campaign/files/styles/414x552/public/2022-05/evelyn-lane-triple-414x5197695.jpg]
[www.middlebury.edu/campaign/academic-excellence.html]
[www.middlebury.edu/campaign/sites/www.middlebury.edu.campaign/files/styles/1376x774/public/2022-02/campaign-top-experience_0a470.jpg]
[www.middlebury.edu/campaign/philanthropy-action/experience/cassia-park.html]
[www.middlebury.edu/campaign/sites/www.middlebury.edu.campaign/files/styles/414x552/public/2022-05/cassia-414x5194dbf.jpg]
[www.middlebury.edu/campaign/philanthropy-action/people-and-planet.html]
[www.middlebury.edu/campaign/sites/www.middlebury.edu.campaign/files/styles/414x552/public/2022-05/terry-triple-414x519_06a74.jpg]
[www.middlebury.edu/campaign/coach.html]
[www.middlebury.edu/campaign/sites/www.middlebury.edu.campaign/files/styles/414x552/public/2022-05/dani-ellis-triple-414x519e7c5.jpg]
[www.middlebury.edu/campaign/experience.html]
[www.middlebury.edu/campaign/sites/www.middlebury.edu.campaign/files/css/css_e-MOBdUMcSMXwXR4j5jYAgzjVMJjgXCz8OK2E9BLVNk.css]
[www.middlebury.edu/campaign/sites/www.middlebury.edu.campaign/files/styles/1376x774/public/2022-04/campaign-top-capitol-projects-2b6ba.jpg]
[www.middlebury.edu/campaign/capital-projects.html]
[www.middlebury.edu/campaign/sites/www.middlebury.edu.campaign/files/css/css_nuLDz-SZoEyRptJ158CHzxeJDkbCaufardTDp-KDThI.css]
[www.middlebury.edu/campaign/philanthropy-action/jay-parini-literature-learning-and-loving-vermont.html]
[www.middlebury.edu/campaign/sites/www.middlebury.edu.campaign/files/styles/296x166/public/2022-07/Jay at home (Oliver)-1f067.jpg]
[www.middlebury.edu/campaign/philanthropy-action/experience/environmental-action.html]
[www.middlebury.edu/campaign/sites/www.middlebury.edu.campaign/files/styles/296x166/public/2022-05/Middlebury-Student-2022-Connor-Wertz2f5c.jpg]
[www.middlebury.edu/campaign/power-words.html]
[www.middlebury.edu/campaign/sites/www.middlebury.edu.campaign/files/styles/296x166/public/2022-05/College-People-2022-Oratory-Now-Workshop-1136x6389a90.jpg]
[www.middlebury.edu/campaign/sites/www.middlebury.edu.campaign/files/styles/296x166/public/2022-05/College-People-2022-Coach-Dani-Ellis-lax-1136x638f9b3.png]
[www.middlebury.edu/campaign/sites/www.middlebury.edu.campaign/files/styles/296x166/public/2022-05/opening-doors-feature2278.jpg]
[www.middlebury.edu/campaign/philanthropy-action/academic-excellence/finding-connection-among-stars.html]
[www.middlebury.edu/campaign/sites/www.middlebury.edu.campaign/files/styles/296x166/public/2022-04/Middkebury-2022-Hannah-Harris-Campaign-Site45f7.jpg]
[www.middlebury.edu/campaign/sites/www.middlebury.edu.campaign/files/styles/296x166/public/2022-05/cassia-feature4ac0.jpg]
[www.middlebury.edu/campaign/sites/www.middlebury.edu.campaign/files/styles/296x166/public/2022-05/Mattew-Taylor2c0e.jpg]
[www.middlebury.edu/campaign/philanthropy-action/public-defender.html]
[www.middlebury.edu/campaign/sites/www.middlebury.edu.campaign/files/styles/296x166/public/2022-04/Public Defender-Banner6001.jpg]
[www.middlebury.edu/campaign/philanthropy-action/Medical-Distrust.html]
[www.middlebury.edu/campaign/sites/www.middlebury.edu.campaign/files/styles/296x166/public/2022-04/MASIRAY KAMARA1f2b.jpg]
[www.middlebury.edu/campaign/philanthropy-action02e4.html]
[www.middlebury.edu/campaign/philanthropy-action2679.html]
[www.middlebury.edu/campaign/philanthropy-action.html]
[www.middlebury.edu/campaign/sites/www.middlebury.edu.campaign/files/css/css_CeMbjcft8aETrAKpIkXPZ2lTxyIJUPtFI-4f4hDeUrk.css]
[www.middlebury.edu/campaign/sites/www.middlebury.edu.campaign/files/styles/1136x639/public/2022-04/Commitment to Access Banner5144.jpg]
[www.middlebury.edu/campaign/access/commitment.html]
[www.middlebury.edu/campaign/sites/www.middlebury.edu.campaign/files/styles/1136x639/public/2022-04/Middlebury-2022-Students-Smiling-In-Classroom73a9.jpg]
[www.middlebury.edu/campaign/access/priority-goals.html]
[www.middlebury.edu/campaign/taxonomy/term/1/feed]
[www.middlebury.edu/campaign/sites/www.middlebury.edu.campaign/files/styles/296x166/public/2022-04/Middlebury_People-2022-Leila_Barghouty62ad.jpg]
[www.middlebury.edu/campaign/sites/www.middlebury.edu.campaign/files/styles/296x166/public/2022-04/Middlebury-2022-LeeCharles-McNeil_0af74.jpg]
[www.middlebury.edu/campaign/academic-excellence/race-against-polio.html]
[www.middlebury.edu/campaign/sites/www.middlebury.edu.campaign/files/styles/296x166/public/2022-04/Middlebury-2022-Ross McIntoshf70f.jpg]
[www.middlebury.edu/campaign/philanthropy-action/access.html]
[www.middlebury.edu/campaign/sites/www.middlebury.edu.campaign/files/css/css_PrzlI83Kiik9WcpPGCHkFPDjuTA6s44fWPTZ0j3o7Ng.css]
[www.middlebury.edu/campaign/sites/www.middlebury.edu.campaign/files/js/js_IsJ0kJRxm0jdR0KrXmySTTguVWAuQBBs9vbT_frjpFU.js]
[www.middlebury.edu/campaign/access/by-the-numbers.html]
[www.middlebury.edu/campaign/sites/www.middlebury.edu.campaign/files/styles/1136x639/public/2022-04/Our Commitment to Academic Excellence-30fb9.jpg]
[www.middlebury.edu/campaign/academic-excellence/commitment.html]
[www.middlebury.edu/campaign/sites/www.middlebury.edu.campaign/files/styles/1136x639/public/2022-05/aca-exel-priorities-goals-feature65bd.jpg]
[www.middlebury.edu/campaign/academic-excellence/priorities-and-goals.html]
[www.middlebury.edu/campaign/taxonomy/term/4/feed]
[www.middlebury.edu/campaign/sites/www.middlebury.edu.campaign/files/styles/296x166/public/2022-03/demystifyingdata-story-feature1c9e.jpg]
[www.middlebury.edu/campaign/sites/www.middlebury.edu.campaign/files/styles/296x166/public/2022-05/evelyn-feature20df.jpg]
[www.middlebury.edu/campaign/philanthropy-action/academic-excellence.html]
[www.middlebury.edu/campaign/academic-excellence/by-the-numbers.html]
[www.middlebury.edu/campaign/sites/www.middlebury.edu.campaign/files/styles/1136x639/public/2022-05/experience-commitment-feature464f.jpg]
[www.middlebury.edu/campaign/experience/commitment.html]
[www.middlebury.edu/campaign/sites/www.middlebury.edu.campaign/files/styles/1136x639/public/2022-04/Priorities and Goals, Experience - Bannera340.jpg]
[www.middlebury.edu/campaign/experience/priorities-and-goals.html]
[www.middlebury.edu/campaign/taxonomy/term/7/feed]
[www.middlebury.edu/campaign/sites/www.middlebury.edu.campaign/files/styles/296x166/public/2022-05/terry-feature3c03.jpg]
[www.middlebury.edu/campaign/philanthropy-action/experience.html]
[www.middlebury.edu/campaign/sites/www.middlebury.edu.campaign/files/css/css_ijuSL4bXzThiSmynlgDsuGtaJ6qS2ZHcbI1xD-479BQ.css]
[www.middlebury.edu/campaign/sites/www.middlebury.edu.campaign/files/styles/1136x639/public/2022-04/Location (Employed or Continuing Education)a802.png]
[www.middlebury.edu/campaign/sites/www.middlebury.edu.campaign/files/js/js_cDsEiUuCKZt4ZB8-fx3vwlLl6YxsUvd8_b1pK_B8dOo.js]
[www.middlebury.edu/campaign/experience/by-the-numbers.html]
[www.middlebury.edu/campaign/sites/www.middlebury.edu.campaign/files/styles/1136x639/public/2022-05/first-year-complex-feature1b74.jpg]
[www.middlebury.edu/campaign/sites/www.middlebury.edu.campaign/files/styles/1136x639/public/2022-04/proposed-site-plan_04769.jpg]
[www.middlebury.edu/campaign/sites/www.middlebury.edu.campaign/files/styles/1136x639/public/2022-04/birds-eye5735.jpg]
[www.middlebury.edu/campaign/sites/www.middlebury.edu.campaign/files/styles/1136x639/public/2022-04/view-from-west_09591.jpg]
[www.middlebury.edu/campaign/sites/www.middlebury.edu.campaign/files/styles/1136x639/public/2022-04/view-from-eastfe7b.jpg]
[www.middlebury.edu/campaign/first-year-residential-complex.html]
[www.middlebury.edu/campaign/_/campaign/media/oembed6623.html]
[www.middlebury.edu/campaign/themes/custom/campaign_theme/img/middlebury-logo-white.svg]
[www.middlebury.edu/campaign/themes/custom/campaign_theme/img/external-link.svg]
[www.middlebury.edu/campaign/sites/www.middlebury.edu.campaign/files/css/css_FYNG4OECqecxl7tqKpBJS2kJRAxFiJTRl2W5VRfH-FY.css]
[www.middlebury.edu/campaign/sites/www.middlebury.edu.campaign/files/styles/1136x639/public/2022-04/Middlebury_People-2022-Leila_Barghoutyb7b6.jpg]
[www.middlebury.edu/campaign/sites/www.middlebury.edu.campaign/files/styles/1136x639/public/2022-03/Middlebury_Thing-2022-Leila_Barghout-Photo1467.jpg]
[www.middlebury.edu/campaign/philanthropy-action/access/leila-barghouty.html]
[www.middlebury.edu/campaign/sites/www.middlebury.edu.campaign/files/styles/1136x639/public/2022-05/opening-doors-featured494.jpg]
[www.middlebury.edu/campaign/opening-doors.html]
[www.middlebury.edu/campaign/sites/www.middlebury.edu.campaign/files/styles/1136x639/public/2022-04/Middlebury-2022-LeeCharles-McNeil_0e7d1.jpg]
[www.middlebury.edu/campaign/sites/www.middlebury.edu.campaign/files/styles/1136x639/public/2022-04/IMG_25150405.jpg]
[www.middlebury.edu/campaign/sites/www.middlebury.edu.campaign/files/styles/1136x639/public/2022-04/LeeCharles Fishingaa40.jpg]
[www.middlebury.edu/campaign/philanthropy-action/appreciating-opposites-texan-embraces-difference-middlebury.html]
[www.middlebury.edu/campaign/sites/www.middlebury.edu.campaign/files/styles/1136x639/public/2022-05/Mattew-Taylor41f4.jpg]
[www.middlebury.edu/campaign/sites/www.middlebury.edu.campaign/files/styles/1136x639/public/2022-04/Matthew Taylor Playing Pianob471.jpg]
[www.middlebury.edu/campaign/sites/www.middlebury.edu.campaign/files/styles/1136x639/public/2022-05/sonic-sound-dance33d4.jpg]
[www.middlebury.edu/campaign/philanthropy-action/sonic-art.html]
[www.middlebury.edu/campaign/sites/www.middlebury.edu.campaign/files/styles/1136x639/public/2022-03/demystifyingdata-story-feature27b5.jpg]
[www.middlebury.edu/campaign/sites/www.middlebury.edu.campaign/files/styles/1136x639/public/2022-03/Abortion-Atlas-(Caitlin-Myers-Midd-Data)-83275bd.jpg]
[www.middlebury.edu/campaign/philanthropy-action/academic-excellence/demystifying-data.html]
[www.middlebury.edu/campaign/sites/www.middlebury.edu.campaign/files/styles/1136x639/public/2022-05/evelyn-feature40fa.jpg]
[www.middlebury.edu/campaign/philanthropy-action/academic-excellence/student-research-safer-vermont-schools.html]
[www.middlebury.edu/campaign/sites/www.middlebury.edu.campaign/files/css/css_353_LBf5jx3nyeRyI3P0UfegSIs2GDNsWAnzoHcO62I.css]
[www.middlebury.edu/campaign/sites/www.middlebury.edu.campaign/files/styles/1136x639/public/2022-05/cassia-featurebefb.jpg]
[www.middlebury.edu/campaign/philanthropy-action/experience/_/campaign/media/oembed76d9]
[www.middlebury.edu/campaign/sites/www.middlebury.edu.campaign/files/styles/896x504/public/2022-05/cassia-video-th-54a89.jpg]
[www.middlebury.edu/campaign/philanthropy-action/experience/cassia-park.html]
[www.middlebury.edu/campaign/sites/www.middlebury.edu.campaign/files/styles/1136x639/public/2022-05/terry-featurebd18.jpg]
[www.middlebury.edu/campaign/philanthropy-action/people-and-planet.html]
[www.middlebury.edu/campaign/sites/www.middlebury.edu.campaign/files/styles/1136x639/public/2022-05/College-People-2022-Coach-Dani-Ellis-lax-1136x638ebc5.png]
[www.middlebury.edu/campaign/sites/www.middlebury.edu.campaign/files/styles/1136x639/public/2022-05/College-People-2022-WLax-Huddle-Hamilton-1136x638e298.png]
[www.middlebury.edu/campaign/coach.html]
[www.middlebury.edu/campaign/sites/www.middlebury.edu.campaign/files/css/css_e-MOBdUMcSMXwXR4j5jYAgzjVMJjgXCz8OK2E9BLVNk.css]
[www.middlebury.edu/campaign/sites/www.middlebury.edu.campaign/files/css/css_nuLDz-SZoEyRptJ158CHzxeJDkbCaufardTDp-KDThI.css]
[www.middlebury.edu/campaign/sites/www.middlebury.edu.campaign/files/styles/1136x639/public/2022-07/Jay at home (Oliver)-18b60.jpg]
[www.middlebury.edu/campaign/sites/www.middlebury.edu.campaign/files/styles/1136x639/public/2022-07/Jay and Gore Vidal at an event before Gore's death copy24a2.jpg]
[www.middlebury.edu/campaign/sites/www.middlebury.edu.campaign/files/styles/1136x639/public/2022-07/Jay in the Frost farm (Zovko Photographic) copy9cb2.jpg]
[www.middlebury.edu/campaign/sites/www.middlebury.edu.campaign/files/styles/1136x639/public/2022-07/Jay discusses Frost Christmas cards (Concord Monitor - Photo AP) copyf2c4.jpg]
[www.middlebury.edu/campaign/sites/www.middlebury.edu.campaign/files/styles/1136x639/public/2022-07/Plummer and Mirren in The Last Station copy2014.jpg]
[www.middlebury.edu/campaign/philanthropy-action/jay-parini-literature-learning-and-loving-vermont.html]
[www.middlebury.edu/campaign/sites/www.middlebury.edu.campaign/files/styles/1136x639/public/2022-05/Middlebury-Student-2022-Connor-Wertz653d.jpg]
[www.middlebury.edu/campaign/philanthropy-action/experience/environmental-action.html]
[www.middlebury.edu/campaign/sites/www.middlebury.edu.campaign/files/styles/1136x639/public/2022-05/College-People-2022-Oratory-Now-Workshop-1136x6387cf4.jpg]
[www.middlebury.edu/campaign/sites/www.middlebury.edu.campaign/files/styles/1136x639/public/2022-05/College-People-2022-Oratory-Now-Student-Workshop-Feature-1-1136x638f413.jpg]
[www.middlebury.edu/campaign/sites/www.middlebury.edu.campaign/files/styles/1136x639/public/2022-05/College-People-2022-Oratory-Now-Parker-Merill-Feature-2-1136X63873fa.jpg]
[www.middlebury.edu/campaign/sites/www.middlebury.edu.campaign/files/styles/1136x639/public/2022-05/College-People-2022-Oratory-Now-Peer-Workshop-Feature-3-1136X6389c30.jpg]
[www.middlebury.edu/campaign/sites/www.middlebury.edu.campaign/files/styles/1136x639/public/2022-05/College-People-2022-Oratory-Now-Spencer-Prize-Feature-4-1136X638a68.jpg]
[www.middlebury.edu/campaign/power-words.html]
[www.middlebury.edu/campaign/sites/www.middlebury.edu.campaign/files/styles/1136x639/public/2022-04/Middkebury-2022-Hannah-Harris-Campaign-Site3d77.jpg]
[www.middlebury.edu/campaign/philanthropy-action/academic-excellence/finding-connection-among-stars.html]
[www.middlebury.edu/campaign/sites/www.middlebury.edu.campaign/files/styles/1136x639/public/2022-04/Public Defender-Bannerb743.jpg]
[www.middlebury.edu/campaign/philanthropy-action/public-defender.html]
[www.middlebury.edu/campaign/sites/www.middlebury.edu.campaign/files/styles/1136x639/public/2022-04/MASIRAY KAMARAd008.jpg]
[www.middlebury.edu/campaign/philanthropy-action/Medical-Distrust.html]
[www.middlebury.edu/campaign/philanthropy-action02e4.html]
[www.middlebury.edu/campaign/philanthropy-action2679.html]
[www.middlebury.edu/campaign/sites/www.middlebury.edu.campaign/files/css/css_CeMbjcft8aETrAKpIkXPZ2lTxyIJUPtFI-4f4hDeUrk.css]
[www.middlebury.edu/campaign/sites/www.middlebury.edu.campaign/files/styles/1136x639/public/2022-04/Middlebury-2022-Ross McIntoshf7fb.jpg]
[www.middlebury.edu/campaign/academic-excellence/race-against-polio.html]
[www.middlebury.edu/campaign/sites/www.middlebury.edu.campaign/files/css/css_PrzlI83Kiik9WcpPGCHkFPDjuTA6s44fWPTZ0j3o7Ng.css]
[www.middlebury.edu/campaign/sites/www.middlebury.edu.campaign/files/css/css_ijuSL4bXzThiSmynlgDsuGtaJ6qS2ZHcbI1xD-479BQ.css]
[www.middlebury.edu/campaign/sites/www.middlebury.edu.campaign/files/css/css_353_LBf5jx3nyeRyI3P0UfegSIs2GDNsWAnzoHcO62I.css]
[www.middlebury.edu/campaign/philanthropy-action/experience/_/campaign/media/oembed76d9.html]
